2026-08-14 20:34:16 | [run] p160m-mix50-synthetic-20260814-203415 started 2026-08-14 20:34:15 | 1 visible GPU(s)
2026-08-14 20:34:16 | [run] args: {"model": "p160m", "generations": 10, "resume_gen": 5, "repo": "suchitg/generations-p160m", "real_percent": 50.0, "lineage": "synthetic", "run_name": "p160m-mix50-synthetic-20260814-203415", "tmp_dir": "/research/nfs_khalili_17/gupte.31/selfconsuming/sae-robustness-under-self-consuming-models/generations/tmp", "dataset": "monology/pile-uncopyrighted", "dataset_config": "default", "split": "train", "text_column": "text", "seq_len": 512, "blocks_per_gen": 2000, "eval_blocks": 100, "metric_blocks": 64, "max_ngram": 4, "epochs": 1.0, "lr": 1e-05, "batch_size": 4, "grad_accum": 4, "grad_ckpt": false, "device_map": null, "gen_batch_size": 16, "temperature": 1.0, "top_p": 1.0, "out_dir": "/research/nfs_khalili_17/gupte.31/selfconsuming/sae-robustness-under-self-consuming-models/generations/runs", "seed": 0, "bf16": true, "tag": "mix50", "is_gemma": false, "device": "cuda"}
2026-08-14 20:34:40 | [data] real pool: 20100 blocks of 512 tokens
2026-08-14 20:34:48 | [init] resumed synthetic at gen5
2026-08-14 20:35:02 | [gen]  sampled 64 blocks
2026-08-14 20:35:03 | [score] synthetic gen5 | ppl=26.05 | entropy=1.748 nats | distinct-1..n=0.077/0.354/0.529/0.602
2026-08-14 20:35:04 | === synthetic | gen 6/10 | 1000 real + 1000 synthetic blocks ===
2026-08-14 20:38:27 | [gen]  sampled 1000 blocks
2026-08-14 20:39:15 | [gen]  sampled 64 blocks
2026-08-14 20:39:15 | [score] synthetic gen6 | ppl=26.01 | entropy=1.645 nats | distinct-1..n=0.057/0.314/0.502/0.590
2026-08-14 20:39:22 | [push] suchitg/generations-p160m/mix50/synthetic/gen6
2026-08-14 20:39:23 | === synthetic | gen 7/10 | 1000 real + 1000 synthetic blocks ===
2026-08-14 20:43:22 | [gen]  sampled 1000 blocks
2026-08-14 20:44:10 | [gen]  sampled 64 blocks
2026-08-14 20:44:10 | [score] synthetic gen7 | ppl=26.02 | entropy=1.250 nats | distinct-1..n=0.055/0.257/0.383/0.447
2026-08-14 20:44:17 | [push] suchitg/generations-p160m/mix50/synthetic/gen7
2026-08-14 20:44:18 | === synthetic | gen 8/10 | 1000 real + 1000 synthetic blocks ===
2026-08-14 20:48:19 | [gen]  sampled 1000 blocks
2026-08-14 20:49:06 | [gen]  sampled 64 blocks
2026-08-14 20:49:06 | [score] synthetic gen8 | ppl=26.00 | entropy=1.471 nats | distinct-1..n=0.059/0.265/0.435/0.521
2026-08-14 20:49:13 | [push] suchitg/generations-p160m/mix50/synthetic/gen8
2026-08-14 20:49:14 | === synthetic | gen 9/10 | 1000 real + 1000 synthetic blocks ===
2026-08-14 20:53:16 | [gen]  sampled 1000 blocks
2026-08-14 20:54:03 | [gen]  sampled 64 blocks
2026-08-14 20:54:04 | [score] synthetic gen9 | ppl=25.95 | entropy=1.305 nats | distinct-1..n=0.052/0.241/0.387/0.459
2026-08-14 20:54:11 | [push] suchitg/generations-p160m/mix50/synthetic/gen9
2026-08-14 20:54:12 | === synthetic | gen 10/10 | 1000 real + 1000 synthetic blocks ===
2026-08-14 20:58:14 | [gen]  sampled 1000 blocks
2026-08-14 20:59:02 | [gen]  sampled 64 blocks
2026-08-14 20:59:02 | [score] synthetic gen10 | ppl=26.10 | entropy=1.191 nats | distinct-1..n=0.061/0.234/0.358/0.426
2026-08-14 20:59:09 | [push] suchitg/generations-p160m/mix50/synthetic/gen10
2026-08-14 20:59:11 | [run] finished 2026-08-14 20:59:11 (24.9 min) -> /research/nfs_khalili_17/gupte.31/selfconsuming/sae-robustness-under-self-consuming-models/generations/runs/metrics/p160m-mix50-synthetic-20260814-203415.json
