2026-08-14 13:50:51 | [run] p160m-mix50-synthetic-20260814-135049 started 2026-08-14 13:50:49 | 1 visible GPU(s)
2026-08-14 13:50:51 | [run] args: {"model": "p160m", "generations": 10, "resume_gen": 0, "repo": "suchitg/generations-p160m", "real_percent": 50.0, "lineage": "synthetic", "run_name": "p160m-mix50-synthetic-20260814-135049", "tmp_dir": "/research/nfs_khalili_17/gupte.31/selfconsuming/sae-robustness-under-self-consuming-models/generations/tmp", "dataset": "monology/pile-uncopyrighted", "dataset_config": "default", "split": "train", "text_column": "text", "seq_len": 512, "blocks_per_gen": 2000, "eval_blocks": 100, "metric_blocks": 64, "max_ngram": 4, "epochs": 1.0, "lr": 1e-05, "batch_size": 4, "grad_accum": 4, "grad_ckpt": false, "device_map": null, "gen_batch_size": 16, "temperature": 1.0, "top_p": 1.0, "out_dir": "/research/nfs_khalili_17/gupte.31/selfconsuming/sae-robustness-under-self-consuming-models/generations/runs", "seed": 0, "bf16": true, "tag": "mix50", "is_gemma": false, "device": "cuda"}
2026-08-14 13:51:19 | [data] real pool: 20100 blocks of 512 tokens
2026-08-14 13:51:47 | [gen]  sampled 64 blocks
2026-08-14 13:51:48 | [score] synthetic gen0 | ppl=26.90 | entropy=3.178 nats | distinct-1..n=0.160/0.654/0.856/0.923
2026-08-14 13:51:49 | === synthetic | gen 1/10 | 1000 real + 1000 synthetic blocks ===
2026-08-14 13:59:21 | [gen]  sampled 1000 blocks
2026-08-14 14:00:58 | [gen]  sampled 64 blocks
2026-08-14 14:00:59 | [score] synthetic gen1 | ppl=26.33 | entropy=2.681 nats | distinct-1..n=0.118/0.560/0.767/0.846
2026-08-14 14:01:06 | [push] suchitg/generations-p160m/mix50/synthetic/gen1
2026-08-14 14:01:07 | === synthetic | gen 2/10 | 1000 real + 1000 synthetic blocks ===
2026-08-14 14:09:25 | [gen]  sampled 1000 blocks
2026-08-14 14:11:03 | [gen]  sampled 64 blocks
2026-08-14 14:11:04 | [score] synthetic gen2 | ppl=26.05 | entropy=2.252 nats | distinct-1..n=0.120/0.506/0.695/0.780
2026-08-14 14:11:12 | [push] suchitg/generations-p160m/mix50/synthetic/gen2
2026-08-14 14:11:13 | === synthetic | gen 3/10 | 1000 real + 1000 synthetic blocks ===
2026-08-14 14:19:36 | [gen]  sampled 1000 blocks
2026-08-14 14:21:15 | [gen]  sampled 64 blocks
2026-08-14 14:21:16 | [score] synthetic gen3 | ppl=26.09 | entropy=1.935 nats | distinct-1..n=0.070/0.386/0.570/0.649
2026-08-14 14:21:24 | [push] suchitg/generations-p160m/mix50/synthetic/gen3
2026-08-14 14:21:25 | === synthetic | gen 4/10 | 1000 real + 1000 synthetic blocks ===
2026-08-14 14:28:19 | [gen]  sampled 1000 blocks
2026-08-14 14:29:33 | [gen]  sampled 64 blocks
2026-08-14 14:29:35 | [score] synthetic gen4 | ppl=26.13 | entropy=1.731 nats | distinct-1..n=0.068/0.343/0.511/0.585
2026-08-14 14:29:42 | [push] suchitg/generations-p160m/mix50/synthetic/gen4
2026-08-14 14:29:43 | === synthetic | gen 5/10 | 1000 real + 1000 synthetic blocks ===
2026-08-14 14:34:45 | [gen]  sampled 1000 blocks
2026-08-14 14:35:32 | [gen]  sampled 64 blocks
2026-08-14 14:35:33 | [score] synthetic gen5 | ppl=26.20 | entropy=1.901 nats | distinct-1..n=0.065/0.362/0.566/0.655
