2026-08-14 13:50:51 | [run] p160m-mix90-synthetic-20260814-135049 started 2026-08-14 13:50:49 | 1 visible GPU(s)
2026-08-14 13:50:51 | [run] args: {"model": "p160m", "generations": 10, "resume_gen": 0, "repo": "suchitg/generations-p160m", "real_percent": 90.0, "lineage": "synthetic", "run_name": "p160m-mix90-synthetic-20260814-135049", "tmp_dir": "/research/nfs_khalili_17/gupte.31/selfconsuming/sae-robustness-under-self-consuming-models/generations/tmp", "dataset": "monology/pile-uncopyrighted", "dataset_config": "default", "split": "train", "text_column": "text", "seq_len": 512, "blocks_per_gen": 2000, "eval_blocks": 100, "metric_blocks": 64, "max_ngram": 4, "epochs": 1.0, "lr": 1e-05, "batch_size": 4, "grad_accum": 4, "grad_ckpt": false, "device_map": null, "gen_batch_size": 16, "temperature": 1.0, "top_p": 1.0, "out_dir": "/research/nfs_khalili_17/gupte.31/selfconsuming/sae-robustness-under-self-consuming-models/generations/runs", "seed": 0, "bf16": true, "tag": "mix90", "is_gemma": false, "device": "cuda"}
2026-08-14 13:51:19 | [data] real pool: 20100 blocks of 512 tokens
2026-08-14 13:51:49 | [gen]  sampled 64 blocks
2026-08-14 13:51:49 | [score] synthetic gen0 | ppl=26.90 | entropy=3.178 nats | distinct-1..n=0.160/0.654/0.856/0.923
2026-08-14 13:51:50 | === synthetic | gen 1/10 | 1800 real + 200 synthetic blocks ===
2026-08-14 13:53:15 | [gen]  sampled 200 blocks
2026-08-14 13:54:36 | [gen]  sampled 64 blocks
2026-08-14 13:54:38 | [score] synthetic gen1 | ppl=26.26 | entropy=2.405 nats | distinct-1..n=0.105/0.520/0.718/0.791
2026-08-14 13:54:45 | [push] suchitg/generations-p160m/mix90/synthetic/gen1
2026-08-14 13:54:45 | === synthetic | gen 2/10 | 1800 real + 200 synthetic blocks ===
2026-08-14 13:56:25 | [gen]  sampled 200 blocks
2026-08-14 13:57:46 | [gen]  sampled 64 blocks
2026-08-14 13:57:48 | [score] synthetic gen2 | ppl=25.83 | entropy=2.395 nats | distinct-1..n=0.117/0.544/0.756/0.826
2026-08-14 13:57:54 | [push] suchitg/generations-p160m/mix90/synthetic/gen2
2026-08-14 13:57:55 | === synthetic | gen 3/10 | 1800 real + 200 synthetic blocks ===
2026-08-14 13:59:26 | [gen]  sampled 200 blocks
2026-08-14 14:01:01 | [gen]  sampled 64 blocks
2026-08-14 14:01:02 | [score] synthetic gen3 | ppl=25.95 | entropy=2.379 nats | distinct-1..n=0.124/0.552/0.739/0.815
2026-08-14 14:01:09 | [push] suchitg/generations-p160m/mix90/synthetic/gen3
2026-08-14 14:01:10 | === synthetic | gen 4/10 | 1800 real + 200 synthetic blocks ===
2026-08-14 14:02:51 | [gen]  sampled 200 blocks
2026-08-14 14:04:26 | [gen]  sampled 64 blocks
2026-08-14 14:04:27 | [score] synthetic gen4 | ppl=25.83 | entropy=2.390 nats | distinct-1..n=0.101/0.506/0.722/0.803
2026-08-14 14:04:34 | [push] suchitg/generations-p160m/mix90/synthetic/gen4
2026-08-14 14:04:35 | === synthetic | gen 5/10 | 1800 real + 200 synthetic blocks ===
2026-08-14 14:06:07 | [gen]  sampled 200 blocks
2026-08-14 14:07:40 | [gen]  sampled 64 blocks
2026-08-14 14:07:42 | [score] synthetic gen5 | ppl=25.75 | entropy=2.258 nats | distinct-1..n=0.099/0.488/0.698/0.788
2026-08-14 14:07:49 | [push] suchitg/generations-p160m/mix90/synthetic/gen5
2026-08-14 14:07:50 | === synthetic | gen 6/10 | 1800 real + 200 synthetic blocks ===
2026-08-14 14:09:24 | [gen]  sampled 200 blocks
2026-08-14 14:11:02 | [gen]  sampled 64 blocks
2026-08-14 14:11:04 | [score] synthetic gen6 | ppl=25.58 | entropy=2.348 nats | distinct-1..n=0.081/0.472/0.698/0.784
2026-08-14 14:11:12 | [push] suchitg/generations-p160m/mix90/synthetic/gen6
2026-08-14 14:11:13 | === synthetic | gen 7/10 | 1800 real + 200 synthetic blocks ===
2026-08-14 14:12:47 | [gen]  sampled 200 blocks
2026-08-14 14:14:25 | [gen]  sampled 64 blocks
2026-08-14 14:14:27 | [score] synthetic gen7 | ppl=25.57 | entropy=2.255 nats | distinct-1..n=0.082/0.459/0.681/0.773
2026-08-14 14:14:34 | [push] suchitg/generations-p160m/mix90/synthetic/gen7
2026-08-14 14:14:36 | === synthetic | gen 8/10 | 1800 real + 200 synthetic blocks ===
2026-08-14 14:16:10 | [gen]  sampled 200 blocks
2026-08-14 14:17:36 | [gen]  sampled 64 blocks
2026-08-14 14:17:38 | [score] synthetic gen8 | ppl=25.80 | entropy=2.300 nats | distinct-1..n=0.093/0.472/0.679/0.759
2026-08-14 14:17:44 | [push] suchitg/generations-p160m/mix90/synthetic/gen8
2026-08-14 14:17:45 | === synthetic | gen 9/10 | 1800 real + 200 synthetic blocks ===
2026-08-14 14:19:39 | [gen]  sampled 200 blocks
2026-08-14 14:21:17 | [gen]  sampled 64 blocks
2026-08-14 14:21:18 | [score] synthetic gen9 | ppl=25.77 | entropy=2.381 nats | distinct-1..n=0.117/0.537/0.741/0.820
2026-08-14 14:21:25 | [push] suchitg/generations-p160m/mix90/synthetic/gen9
2026-08-14 14:21:26 | === synthetic | gen 10/10 | 1800 real + 200 synthetic blocks ===
2026-08-14 14:23:00 | [gen]  sampled 200 blocks
2026-08-14 14:24:27 | [gen]  sampled 64 blocks
2026-08-14 14:24:28 | [score] synthetic gen10 | ppl=25.69 | entropy=2.116 nats | distinct-1..n=0.081/0.442/0.649/0.729
2026-08-14 14:24:35 | [push] suchitg/generations-p160m/mix90/synthetic/gen10
2026-08-14 14:24:36 | [run] finished 2026-08-14 14:24:36 (33.8 min) -> /research/nfs_khalili_17/gupte.31/selfconsuming/sae-robustness-under-self-consuming-models/generations/runs/metrics/p160m-mix90-synthetic-20260814-135049.json
