2026-08-14 13:50:51 | [run] p160m-mix75-synthetic-20260814-135049 started 2026-08-14 13:50:49 | 1 visible GPU(s)
2026-08-14 13:50:51 | [run] args: {"model": "p160m", "generations": 10, "resume_gen": 0, "repo": "suchitg/generations-p160m", "real_percent": 75.0, "lineage": "synthetic", "run_name": "p160m-mix75-synthetic-20260814-135049", "tmp_dir": "/research/nfs_khalili_17/gupte.31/selfconsuming/sae-robustness-under-self-consuming-models/generations/tmp", "dataset": "monology/pile-uncopyrighted", "dataset_config": "default", "split": "train", "text_column": "text", "seq_len": 512, "blocks_per_gen": 2000, "eval_blocks": 100, "metric_blocks": 64, "max_ngram": 4, "epochs": 1.0, "lr": 1e-05, "batch_size": 4, "grad_accum": 4, "grad_ckpt": false, "device_map": null, "gen_batch_size": 16, "temperature": 1.0, "top_p": 1.0, "out_dir": "/research/nfs_khalili_17/gupte.31/selfconsuming/sae-robustness-under-self-consuming-models/generations/runs", "seed": 0, "bf16": true, "tag": "mix75", "is_gemma": false, "device": "cuda"}
2026-08-14 13:51:19 | [data] real pool: 20100 blocks of 512 tokens
2026-08-14 13:51:47 | [gen]  sampled 64 blocks
2026-08-14 13:51:49 | [score] synthetic gen0 | ppl=26.90 | entropy=3.178 nats | distinct-1..n=0.160/0.654/0.856/0.923
2026-08-14 13:51:50 | === synthetic | gen 1/10 | 1500 real + 500 synthetic blocks ===
2026-08-14 13:55:30 | [gen]  sampled 500 blocks
2026-08-14 13:57:00 | [gen]  sampled 64 blocks
2026-08-14 13:57:02 | [score] synthetic gen1 | ppl=26.20 | entropy=2.695 nats | distinct-1..n=0.128/0.574/0.780/0.851
2026-08-14 13:57:09 | [push] suchitg/generations-p160m/mix75/synthetic/gen1
2026-08-14 13:57:10 | === synthetic | gen 2/10 | 1500 real + 500 synthetic blocks ===
2026-08-14 14:01:12 | [gen]  sampled 500 blocks
2026-08-14 14:02:36 | [gen]  sampled 64 blocks
2026-08-14 14:02:38 | [score] synthetic gen2 | ppl=25.93 | entropy=2.265 nats | distinct-1..n=0.092/0.469/0.666/0.738
2026-08-14 14:02:44 | [push] suchitg/generations-p160m/mix75/synthetic/gen2
2026-08-14 14:02:45 | === synthetic | gen 3/10 | 1500 real + 500 synthetic blocks ===
2026-08-14 14:07:06 | [gen]  sampled 500 blocks
2026-08-14 14:08:30 | [gen]  sampled 64 blocks
2026-08-14 14:08:31 | [score] synthetic gen3 | ppl=25.94 | entropy=2.174 nats | distinct-1..n=0.107/0.472/0.660/0.739
2026-08-14 14:08:38 | [push] suchitg/generations-p160m/mix75/synthetic/gen3
2026-08-14 14:08:39 | === synthetic | gen 4/10 | 1500 real + 500 synthetic blocks ===
2026-08-14 14:12:49 | [gen]  sampled 500 blocks
2026-08-14 14:14:27 | [gen]  sampled 64 blocks
2026-08-14 14:14:28 | [score] synthetic gen4 | ppl=25.85 | entropy=2.016 nats | distinct-1..n=0.102/0.447/0.625/0.703
2026-08-14 14:14:35 | [push] suchitg/generations-p160m/mix75/synthetic/gen4
2026-08-14 14:14:36 | === synthetic | gen 5/10 | 1500 real + 500 synthetic blocks ===
2026-08-14 14:18:48 | [gen]  sampled 500 blocks
2026-08-14 14:20:30 | [gen]  sampled 64 blocks
2026-08-14 14:20:32 | [score] synthetic gen5 | ppl=25.97 | entropy=1.805 nats | distinct-1..n=0.085/0.395/0.576/0.661
2026-08-14 14:20:38 | [push] suchitg/generations-p160m/mix75/synthetic/gen5
2026-08-14 14:20:39 | === synthetic | gen 6/10 | 1500 real + 500 synthetic blocks ===
2026-08-14 14:24:37 | [gen]  sampled 500 blocks
2026-08-14 14:25:45 | [gen]  sampled 64 blocks
2026-08-14 14:25:47 | [score] synthetic gen6 | ppl=26.02 | entropy=2.013 nats | distinct-1..n=0.088/0.417/0.616/0.694
2026-08-14 14:25:53 | [push] suchitg/generations-p160m/mix75/synthetic/gen6
2026-08-14 14:25:54 | === synthetic | gen 7/10 | 1500 real + 500 synthetic blocks ===
2026-08-14 14:29:07 | [gen]  sampled 500 blocks
2026-08-14 14:30:12 | [gen]  sampled 64 blocks
2026-08-14 14:30:13 | [score] synthetic gen7 | ppl=25.96 | entropy=1.832 nats | distinct-1..n=0.090/0.378/0.552/0.627
2026-08-14 14:30:20 | [push] suchitg/generations-p160m/mix75/synthetic/gen7
2026-08-14 14:30:21 | === synthetic | gen 8/10 | 1500 real + 500 synthetic blocks ===
2026-08-14 14:33:00 | [gen]  sampled 500 blocks
2026-08-14 14:33:53 | [gen]  sampled 64 blocks
2026-08-14 14:33:54 | [score] synthetic gen8 | ppl=25.84 | entropy=1.660 nats | distinct-1..n=0.083/0.347/0.504/0.575
