2026-04-16 10:53:08,853 [INFO] Using device: cuda
2026-04-16 10:53:08,853 [INFO] ============================================================
2026-04-16 10:53:08,853 [INFO] Starting Self-Consuming Loop
2026-04-16 10:53:08,853 [INFO]   Base model      : google/gemma-2-2b
2026-04-16 10:53:08,853 [INFO]   Generations     : 5
2026-04-16 10:53:08,853 [INFO]   Samples/gen     : 50
2026-04-16 10:53:08,853 [INFO]   Checkpoint dir  : checkpoints
2026-04-16 10:53:08,853 [INFO] ============================================================
2026-04-16 10:53:08,854 [INFO] Saving base model (M0) → checkpoints/gen_000
2026-04-16 10:53:08,854 [INFO] Loading model from: google/gemma-2-2b
2026-04-16 10:53:10,974 [INFO] We will use 90% of the memory on device 0 for storing the model, and 10% for the buffer to avoid OOM. You can set `max_memory` in to a higher value to use more memory (at your own risk).
2026-04-16 10:53:13,390 [INFO] Model sanity check passed | Vocab size: 256000
2026-04-16 10:53:34,705 [INFO] 
============================================================
2026-04-16 10:53:34,707 [INFO] GENERATION 1 / 5
2026-04-16 10:53:34,707 [INFO] ============================================================
2026-04-16 10:53:34,707 [INFO] Loading model from: google/gemma-2-2b
2026-04-16 10:53:35,626 [INFO] We will use 90% of the memory on device 0 for storing the model, and 10% for the buffer to avoid OOM. You can set `max_memory` in to a higher value to use more memory (at your own risk).
2026-04-16 10:53:37,881 [INFO] Model sanity check passed | Vocab size: 256000
2026-04-16 10:53:37,881 [INFO] Generating 50 samples for generation 1...
2026-04-16 10:57:45,907 [INFO] 
──────────────────────────────────────────────────
2026-04-16 10:57:45,908 [INFO] Generation 1 — Quality Report
2026-04-16 10:57:45,908 [INFO]   Samples         : 50
2026-04-16 10:57:45,908 [INFO]   Unique tok ratio: 0.3696
2026-04-16 10:57:45,908 [INFO]   N-gram repeat   : 0.0283
2026-04-16 10:57:45,908 [INFO]   Exact duplicates: 0
2026-04-16 10:57:45,908 [INFO] All checks passed
2026-04-16 10:57:45,908 [INFO] ──────────────────────────────────────────────────

2026-04-16 10:57:45,920 [INFO] Saved synthetic data → loop_logs/gen_001_data.json | SAE records → loop_logs/gen_001_records.jsonl
2026-04-16 10:57:45,921 [INFO] Fine-tuning on 50 samples (generation 1)...
2026-04-16 11:03:38,222 [INFO] Using device: cuda
2026-04-16 11:03:38,222 [INFO] ============================================================
2026-04-16 11:03:38,222 [INFO] Starting Self-Consuming Loop
2026-04-16 11:03:38,222 [INFO]   Base model      : google/gemma-2-2b
2026-04-16 11:03:38,222 [INFO]   Generations     : 5
2026-04-16 11:03:38,223 [INFO]   Samples/gen     : 50
2026-04-16 11:03:38,223 [INFO]   Checkpoint dir  : checkpoints
2026-04-16 11:03:38,223 [INFO] ============================================================
2026-04-16 11:03:38,223 [INFO] Base model checkpoint already exists, skipping: checkpoints/gen_000
2026-04-16 11:03:38,224 [INFO] 
============================================================
2026-04-16 11:03:38,224 [INFO] GENERATION 1 / 5
2026-04-16 11:03:38,224 [INFO] ============================================================
2026-04-16 11:03:38,224 [INFO] Loading model from: google/gemma-2-2b
2026-04-16 11:03:40,184 [INFO] We will use 90% of the memory on device 0 for storing the model, and 10% for the buffer to avoid OOM. You can set `max_memory` in to a higher value to use more memory (at your own risk).
2026-04-16 11:03:42,464 [INFO] Model sanity check passed | Vocab size: 256000
2026-04-16 11:03:42,464 [INFO] Generating 50 samples for generation 1...
2026-04-16 11:08:04,133 [INFO] 
──────────────────────────────────────────────────
2026-04-16 11:08:04,135 [INFO] Generation 1 — Quality Report
2026-04-16 11:08:04,135 [INFO]   Samples         : 50
2026-04-16 11:08:04,135 [INFO]   Unique tok ratio: 0.356
2026-04-16 11:08:04,135 [INFO]   N-gram repeat   : 0.0284
2026-04-16 11:08:04,135 [INFO]   Exact duplicates: 0
2026-04-16 11:08:04,135 [INFO] All checks passed
2026-04-16 11:08:04,135 [INFO] ──────────────────────────────────────────────────

2026-04-16 11:08:04,152 [INFO] Saved synthetic data → loop_logs/gen_001_data.json | SAE records → loop_logs/gen_001_records.jsonl
2026-04-16 11:08:04,152 [INFO] Fine-tuning on 50 samples (generation 1)...
2026-04-16 11:09:14,093 [INFO] Training loss OK: 2.3389
2026-04-16 11:09:36,532 [INFO] Checkpoint saved | Path: checkpoints/gen_001 | Files: 11 | Size: 5267.4 MB
2026-04-16 11:09:36,544 [INFO]   SAE records co-located → checkpoints/gen_001/training_records.jsonl
2026-04-16 11:09:36,544 [INFO] Checkpoint saved at: checkpoints/gen_001 | Loss: 2.3389
2026-04-16 11:09:36,611 [INFO] 
============================================================
2026-04-16 11:09:36,611 [INFO] GENERATION 2 / 5
2026-04-16 11:09:36,611 [INFO] ============================================================
2026-04-16 11:09:36,611 [INFO] Loading model from: checkpoints/gen_001
2026-04-16 11:09:37,932 [INFO] We will use 90% of the memory on device 0 for storing the model, and 10% for the buffer to avoid OOM. You can set `max_memory` in to a higher value to use more memory (at your own risk).
2026-04-16 11:09:38,775 [INFO] Model sanity check passed | Vocab size: 256000
2026-04-16 11:09:38,830 [INFO] Generating 50 samples for generation 2...
2026-04-16 11:14:59,868 [INFO] 
──────────────────────────────────────────────────
2026-04-16 11:14:59,869 [INFO] Generation 2 — Quality Report
2026-04-16 11:14:59,869 [INFO]   Samples         : 50
2026-04-16 11:14:59,869 [INFO]   Unique tok ratio: 0.298
2026-04-16 11:14:59,870 [INFO]   N-gram repeat   : 0.0313
2026-04-16 11:14:59,870 [INFO]   Exact duplicates: 0
2026-04-16 11:14:59,870 [WARNING] Warning: Low lexical diversity: 0.298 (threshold: 0.3)
2026-04-16 11:14:59,870 [INFO] ──────────────────────────────────────────────────

2026-04-16 11:14:59,893 [INFO] Saved synthetic data → loop_logs/gen_002_data.json | SAE records → loop_logs/gen_002_records.jsonl
2026-04-16 11:14:59,894 [INFO] Fine-tuning on 50 samples (generation 2)...
2026-04-16 11:16:07,904 [INFO] Training loss OK: 2.1600
2026-04-16 11:16:29,917 [INFO] Checkpoint saved | Path: checkpoints/gen_002 | Files: 11 | Size: 5267.4 MB
2026-04-16 11:16:29,951 [INFO]   SAE records co-located → checkpoints/gen_002/training_records.jsonl
2026-04-16 11:16:29,951 [INFO] Checkpoint saved at: checkpoints/gen_002 | Loss: 2.1600
2026-04-16 11:16:29,986 [INFO] 
============================================================
2026-04-16 11:16:29,987 [INFO] GENERATION 3 / 5
2026-04-16 11:16:29,987 [INFO] ============================================================
2026-04-16 11:16:29,987 [INFO] Loading model from: checkpoints/gen_002
2026-04-16 11:16:31,393 [INFO] We will use 90% of the memory on device 0 for storing the model, and 10% for the buffer to avoid OOM. You can set `max_memory` in to a higher value to use more memory (at your own risk).
2026-04-16 11:16:32,255 [INFO] Model sanity check passed | Vocab size: 256000
2026-04-16 11:16:32,304 [INFO] Generating 50 samples for generation 3...
2026-04-16 11:21:55,123 [INFO] 
──────────────────────────────────────────────────
2026-04-16 11:21:55,124 [INFO] Generation 3 — Quality Report
2026-04-16 11:21:55,124 [INFO]   Samples         : 50
2026-04-16 11:21:55,124 [INFO]   Unique tok ratio: 0.2895
2026-04-16 11:21:55,124 [INFO]   N-gram repeat   : 0.0523
2026-04-16 11:21:55,124 [INFO]   Exact duplicates: 0
2026-04-16 11:21:55,124 [WARNING] Warning: Low lexical diversity: 0.290 (threshold: 0.3)
2026-04-16 11:21:55,124 [INFO] ──────────────────────────────────────────────────

2026-04-16 11:21:55,144 [INFO] Saved synthetic data → loop_logs/gen_003_data.json | SAE records → loop_logs/gen_003_records.jsonl
2026-04-16 11:21:55,144 [INFO] Fine-tuning on 50 samples (generation 3)...
2026-04-16 11:23:02,799 [INFO] Training loss OK: 1.9788
2026-04-16 11:23:24,670 [INFO] Checkpoint saved | Path: checkpoints/gen_003 | Files: 11 | Size: 5267.4 MB
2026-04-16 11:23:24,699 [INFO]   SAE records co-located → checkpoints/gen_003/training_records.jsonl
2026-04-16 11:23:24,700 [INFO] Checkpoint saved at: checkpoints/gen_003 | Loss: 1.9788
2026-04-16 11:23:24,741 [INFO] 
============================================================
2026-04-16 11:23:24,742 [INFO] GENERATION 4 / 5
2026-04-16 11:23:24,742 [INFO] ============================================================
2026-04-16 11:23:24,743 [INFO] Loading model from: checkpoints/gen_003
2026-04-16 11:23:26,160 [INFO] We will use 90% of the memory on device 0 for storing the model, and 10% for the buffer to avoid OOM. You can set `max_memory` in to a higher value to use more memory (at your own risk).
2026-04-16 11:23:27,027 [INFO] Model sanity check passed | Vocab size: 256000
2026-04-16 11:23:27,078 [INFO] Generating 50 samples for generation 4...
2026-04-16 11:28:52,317 [INFO] 
──────────────────────────────────────────────────
2026-04-16 11:28:52,318 [INFO] Generation 4 — Quality Report
2026-04-16 11:28:52,318 [INFO]   Samples         : 50
2026-04-16 11:28:52,318 [INFO]   Unique tok ratio: 0.2784
2026-04-16 11:28:52,318 [INFO]   N-gram repeat   : 0.1079
2026-04-16 11:28:52,318 [INFO]   Exact duplicates: 0
2026-04-16 11:28:52,318 [WARNING] Warning: Low lexical diversity: 0.278 (threshold: 0.3)
2026-04-16 11:28:52,318 [INFO] ──────────────────────────────────────────────────

2026-04-16 11:28:52,342 [INFO] Saved synthetic data → loop_logs/gen_004_data.json | SAE records → loop_logs/gen_004_records.jsonl
2026-04-16 11:28:52,343 [INFO] Fine-tuning on 50 samples (generation 4)...
2026-04-16 11:29:58,877 [INFO] Training loss OK: 1.8491
2026-04-16 11:30:19,603 [INFO] Checkpoint saved | Path: checkpoints/gen_004 | Files: 11 | Size: 5267.4 MB
2026-04-16 11:30:19,632 [INFO]   SAE records co-located → checkpoints/gen_004/training_records.jsonl
2026-04-16 11:30:19,632 [INFO] Checkpoint saved at: checkpoints/gen_004 | Loss: 1.8491
2026-04-16 11:30:19,676 [INFO] 
============================================================
2026-04-16 11:30:19,677 [INFO] GENERATION 5 / 5
2026-04-16 11:30:19,677 [INFO] ============================================================
2026-04-16 11:30:19,677 [INFO] Loading model from: checkpoints/gen_004
2026-04-16 11:30:21,037 [INFO] We will use 90% of the memory on device 0 for storing the model, and 10% for the buffer to avoid OOM. You can set `max_memory` in to a higher value to use more memory (at your own risk).
2026-04-16 11:30:21,962 [INFO] Model sanity check passed | Vocab size: 256000
2026-04-16 11:30:22,010 [INFO] Generating 50 samples for generation 5...
2026-04-16 11:35:46,344 [INFO] 
──────────────────────────────────────────────────
2026-04-16 11:35:46,350 [INFO] Generation 5 — Quality Report
2026-04-16 11:35:46,350 [INFO]   Samples         : 50
2026-04-16 11:35:46,350 [INFO]   Unique tok ratio: 0.2731
2026-04-16 11:35:46,350 [INFO]   N-gram repeat   : 0.1725
2026-04-16 11:35:46,350 [INFO]   Exact duplicates: 0
2026-04-16 11:35:46,350 [WARNING] Warning: Low lexical diversity: 0.273 (threshold: 0.3)
2026-04-16 11:35:46,350 [INFO] ──────────────────────────────────────────────────

2026-04-16 11:35:46,395 [INFO] Saved synthetic data → loop_logs/gen_005_data.json | SAE records → loop_logs/gen_005_records.jsonl
2026-04-16 11:35:46,396 [INFO] Fine-tuning on 50 samples (generation 5)...
2026-04-16 11:37:05,111 [INFO] Training loss OK: 1.6427
2026-04-16 11:37:29,583 [INFO] Checkpoint saved | Path: checkpoints/gen_005 | Files: 11 | Size: 5267.4 MB
2026-04-16 11:37:29,618 [INFO]   SAE records co-located → checkpoints/gen_005/training_records.jsonl
2026-04-16 11:37:29,618 [INFO] Checkpoint saved at: checkpoints/gen_005 | Loss: 1.6427
2026-04-16 11:37:29,662 [INFO] 
============================================================
2026-04-16 11:37:29,663 [INFO] SELF-CONSUMING LOOP COMPLETE
2026-04-16 11:37:29,664 [INFO]   Loss trajectory: [2.3389, 2.16, 1.9788, 1.8491, 1.6427]
2026-04-16 11:37:29,665 [INFO]   Total loss shift: -0.6962 (↓ decreased)
2026-04-16 11:37:29,668 [INFO] ============================================================
2026-04-16 11:37:29,679 [INFO] Sanity report saved to loop_logs/sanity_report.json
2026-04-16 11:37:29,688 [INFO] 📦 Dataset manifest saved → checkpoints/manifest.json
2026-04-16 11:48:12,921 [INFO] Using device: cuda
2026-04-16 11:48:12,921 [INFO] ============================================================
2026-04-16 11:48:12,921 [INFO] Starting Self-Consuming Loop
2026-04-16 11:48:12,921 [INFO]   Base model      : google/gemma-2-2b
2026-04-16 11:48:12,921 [INFO]   Generations     : 10
2026-04-16 11:48:12,921 [INFO]   Samples/gen     : 50
2026-04-16 11:48:12,921 [INFO]   Checkpoint dir  : checkpoints
2026-04-16 11:48:12,921 [INFO] ============================================================
2026-04-16 11:48:12,921 [INFO] Base model checkpoint already exists, skipping: checkpoints/gen_000
2026-04-16 11:48:12,921 [INFO] 
============================================================
2026-04-16 11:48:12,921 [INFO] GENERATION 1 / 10
2026-04-16 11:48:12,921 [INFO] ============================================================
2026-04-16 11:48:12,921 [INFO] Loading model from: google/gemma-2-2b
2026-04-16 11:48:14,742 [INFO] We will use 90% of the memory on device 0 for storing the model, and 10% for the buffer to avoid OOM. You can set `max_memory` in to a higher value to use more memory (at your own risk).
2026-04-16 11:48:17,007 [INFO] Model sanity check passed | Vocab size: 256000
2026-04-16 11:48:17,007 [INFO] Generating 50 samples for generation 1...
2026-04-16 11:49:57,388 [INFO] Using device: cuda
2026-04-16 11:49:57,388 [INFO] ============================================================
2026-04-16 11:49:57,388 [INFO] Starting Self-Consuming Loop
2026-04-16 11:49:57,388 [INFO]   Base model      : google/gemma-2-2b
2026-04-16 11:49:57,388 [INFO]   Generations     : 10
2026-04-16 11:49:57,388 [INFO]   Samples/gen     : 500
2026-04-16 11:49:57,388 [INFO]   Checkpoint dir  : checkpoints
2026-04-16 11:49:57,388 [INFO] ============================================================
2026-04-16 11:49:57,389 [INFO] Base model checkpoint already exists, skipping: checkpoints/gen_000
2026-04-16 11:49:57,389 [INFO] 
============================================================
2026-04-16 11:49:57,389 [INFO] GENERATION 1 / 10
2026-04-16 11:49:57,390 [INFO] ============================================================
2026-04-16 11:49:57,390 [INFO] Loading model from: google/gemma-2-2b
2026-04-16 11:49:59,038 [INFO] We will use 90% of the memory on device 0 for storing the model, and 10% for the buffer to avoid OOM. You can set `max_memory` in to a higher value to use more memory (at your own risk).
2026-04-16 11:50:01,108 [INFO] Model sanity check passed | Vocab size: 256000
2026-04-16 11:50:01,108 [INFO] Generating 500 samples for generation 1...
2026-04-16 11:55:19,438 [INFO] Using device: cuda
2026-04-16 11:55:19,438 [INFO] ============================================================
2026-04-16 11:55:19,438 [INFO] Starting Self-Consuming Loop
2026-04-16 11:55:19,438 [INFO]   Base model      : google/gemma-2-2b
2026-04-16 11:55:19,438 [INFO]   Generations     : 10
2026-04-16 11:55:19,438 [INFO]   Samples/gen     : 500
2026-04-16 11:55:19,438 [INFO]   Checkpoint dir  : checkpoints
2026-04-16 11:55:19,438 [INFO] ============================================================
2026-04-16 11:55:19,438 [INFO] Base model checkpoint already exists, skipping: checkpoints/gen_000
2026-04-16 11:55:19,438 [INFO] 
============================================================
2026-04-16 11:55:19,438 [INFO] GENERATION 1 / 10
2026-04-16 11:55:19,438 [INFO] ============================================================
2026-04-16 11:55:19,438 [INFO] Loading model from: google/gemma-2-2b
2026-04-16 11:55:21,411 [INFO] We will use 90% of the memory on device 0 for storing the model, and 10% for the buffer to avoid OOM. You can set `max_memory` in to a higher value to use more memory (at your own risk).
2026-04-16 11:55:23,360 [INFO] Model sanity check passed | Vocab size: 256000
2026-04-16 11:55:23,360 [INFO] Generating 500 samples for generation 1...
2026-04-16 11:56:53,602 [INFO] Using device: cuda
2026-04-16 11:56:53,602 [INFO] ============================================================
2026-04-16 11:56:53,602 [INFO] Starting Self-Consuming Loop
2026-04-16 11:56:53,602 [INFO]   Base model      : google/gemma-2-2b
2026-04-16 11:56:53,602 [INFO]   Generations     : 10
2026-04-16 11:56:53,602 [INFO]   Samples/gen     : 500
2026-04-16 11:56:53,602 [INFO]   Checkpoint dir  : checkpoints
2026-04-16 11:56:53,602 [INFO] ============================================================
2026-04-16 11:56:53,602 [INFO] Base model checkpoint already exists, skipping: checkpoints/gen_000
2026-04-16 11:56:53,602 [INFO] 
============================================================
2026-04-16 11:56:53,602 [INFO] GENERATION 1 / 10
2026-04-16 11:56:53,602 [INFO] ============================================================
2026-04-16 11:56:53,602 [INFO] Loading model from: google/gemma-2-2b
2026-04-16 11:56:55,222 [INFO] We will use 90% of the memory on device 0 for storing the model, and 10% for the buffer to avoid OOM. You can set `max_memory` in to a higher value to use more memory (at your own risk).
2026-04-16 11:56:57,176 [INFO] Model sanity check passed | Vocab size: 256000
2026-04-16 11:56:57,176 [INFO] Generating 500 samples for generation 1...
2026-04-16 12:00:31,071 [INFO] 
──────────────────────────────────────────────────
2026-04-16 12:00:31,072 [INFO] Generation 1 — Quality Report
2026-04-16 12:00:31,072 [INFO]   Samples         : 500
2026-04-16 12:00:31,072 [INFO]   Unique tok ratio: 0.1538
2026-04-16 12:00:31,072 [INFO]   N-gram repeat   : 0.0476
2026-04-16 12:00:31,072 [INFO]   Exact duplicates: 0
2026-04-16 12:00:31,072 [WARNING] Warning: Low lexical diversity: 0.154 (threshold: 0.3)
2026-04-16 12:00:31,072 [INFO] ──────────────────────────────────────────────────

2026-04-16 12:00:31,136 [INFO] Saved synthetic data → loop_logs/gen_001_data.json | SAE records → loop_logs/gen_001_records.jsonl
2026-04-16 12:00:31,136 [INFO] Fine-tuning on 500 samples (generation 1)...
2026-04-16 12:03:30,125 [INFO] Training loss OK: 2.1190
2026-04-16 12:03:52,213 [INFO] Checkpoint saved | Path: checkpoints/gen_001 | Files: 14 | Size: 5267.6 MB
2026-04-16 12:03:52,259 [INFO]   SAE records co-located → checkpoints/gen_001/training_records.jsonl
2026-04-16 12:03:52,259 [INFO] Checkpoint saved at: checkpoints/gen_001 | Loss: 2.1190
2026-04-16 12:03:52,332 [INFO] 
============================================================
2026-04-16 12:03:52,333 [INFO] GENERATION 2 / 10
2026-04-16 12:03:52,333 [INFO] ============================================================
2026-04-16 12:03:52,333 [INFO] Loading model from: checkpoints/gen_001
2026-04-16 12:03:53,706 [INFO] We will use 90% of the memory on device 0 for storing the model, and 10% for the buffer to avoid OOM. You can set `max_memory` in to a higher value to use more memory (at your own risk).
2026-04-16 12:04:41,046 [INFO] Model sanity check passed | Vocab size: 256000
2026-04-16 12:04:41,109 [INFO] Generating 500 samples for generation 2...
2026-04-16 12:08:32,447 [INFO] 
──────────────────────────────────────────────────
2026-04-16 12:08:32,448 [INFO] Generation 2 — Quality Report
2026-04-16 12:08:32,448 [INFO]   Samples         : 500
2026-04-16 12:08:32,448 [INFO]   Unique tok ratio: 0.1233
2026-04-16 12:08:32,448 [INFO]   N-gram repeat   : 0.066
2026-04-16 12:08:32,448 [INFO]   Exact duplicates: 0
2026-04-16 12:08:32,448 [WARNING] Warning: Low lexical diversity: 0.123 (threshold: 0.3)
2026-04-16 12:08:32,448 [INFO] ──────────────────────────────────────────────────

2026-04-16 12:08:32,517 [INFO] Saved synthetic data → loop_logs/gen_002_data.json | SAE records → loop_logs/gen_002_records.jsonl
2026-04-16 12:08:32,520 [INFO] Fine-tuning on 500 samples (generation 2)...
2026-04-16 12:11:32,234 [INFO] Training loss OK: 1.8346
2026-04-16 12:11:54,087 [INFO] Checkpoint saved | Path: checkpoints/gen_002 | Files: 14 | Size: 5267.7 MB
2026-04-16 12:11:54,156 [INFO]   SAE records co-located → checkpoints/gen_002/training_records.jsonl
2026-04-16 12:11:54,156 [INFO] Checkpoint saved at: checkpoints/gen_002 | Loss: 1.8346
2026-04-16 12:11:54,216 [INFO] 
============================================================
2026-04-16 12:11:54,217 [INFO] GENERATION 3 / 10
2026-04-16 12:11:54,217 [INFO] ============================================================
2026-04-16 12:11:54,217 [INFO] Loading model from: checkpoints/gen_002
2026-04-16 12:11:55,636 [INFO] We will use 90% of the memory on device 0 for storing the model, and 10% for the buffer to avoid OOM. You can set `max_memory` in to a higher value to use more memory (at your own risk).
2026-04-16 12:12:42,486 [INFO] Model sanity check passed | Vocab size: 256000
2026-04-16 12:12:42,549 [INFO] Generating 500 samples for generation 3...
2026-04-16 12:16:32,861 [INFO] 
──────────────────────────────────────────────────
2026-04-16 12:16:32,862 [INFO] Generation 3 — Quality Report
2026-04-16 12:16:32,862 [INFO]   Samples         : 500
2026-04-16 12:16:32,862 [INFO]   Unique tok ratio: 0.1076
2026-04-16 12:16:32,862 [INFO]   N-gram repeat   : 0.1138
2026-04-16 12:16:32,862 [INFO]   Exact duplicates: 0
2026-04-16 12:16:32,862 [WARNING] Warning: Low lexical diversity: 0.108 (threshold: 0.3)
2026-04-16 12:16:32,862 [INFO] ──────────────────────────────────────────────────

2026-04-16 12:16:32,924 [INFO] Saved synthetic data → loop_logs/gen_003_data.json | SAE records → loop_logs/gen_003_records.jsonl
2026-04-16 12:16:32,928 [INFO] Fine-tuning on 500 samples (generation 3)...
2026-04-16 12:19:32,948 [INFO] Training loss OK: 1.5110
2026-04-16 12:19:55,152 [INFO] Checkpoint saved | Path: checkpoints/gen_003 | Files: 14 | Size: 5267.7 MB
2026-04-16 12:19:55,220 [INFO]   SAE records co-located → checkpoints/gen_003/training_records.jsonl
2026-04-16 12:19:55,220 [INFO] Checkpoint saved at: checkpoints/gen_003 | Loss: 1.5110
2026-04-16 12:19:55,275 [INFO] 
============================================================
2026-04-16 12:19:55,276 [INFO] GENERATION 4 / 10
2026-04-16 12:19:55,277 [INFO] ============================================================
2026-04-16 12:19:55,277 [INFO] Loading model from: checkpoints/gen_003
2026-04-16 12:19:56,704 [INFO] We will use 90% of the memory on device 0 for storing the model, and 10% for the buffer to avoid OOM. You can set `max_memory` in to a higher value to use more memory (at your own risk).
2026-04-16 12:20:44,041 [INFO] Model sanity check passed | Vocab size: 256000
2026-04-16 12:20:44,117 [INFO] Generating 500 samples for generation 4...
2026-04-16 12:24:35,387 [INFO] 
──────────────────────────────────────────────────
2026-04-16 12:24:35,388 [INFO] Generation 4 — Quality Report
2026-04-16 12:24:35,388 [INFO]   Samples         : 500
2026-04-16 12:24:35,388 [INFO]   Unique tok ratio: 0.1006
2026-04-16 12:24:35,388 [INFO]   N-gram repeat   : 0.1784
2026-04-16 12:24:35,388 [INFO]   Exact duplicates: 0
2026-04-16 12:24:35,388 [WARNING] Warning: Low lexical diversity: 0.101 (threshold: 0.3)
2026-04-16 12:24:35,388 [INFO] ──────────────────────────────────────────────────

2026-04-16 12:24:35,446 [INFO] Saved synthetic data → loop_logs/gen_004_data.json | SAE records → loop_logs/gen_004_records.jsonl
2026-04-16 12:24:35,450 [INFO] Fine-tuning on 500 samples (generation 4)...
2026-04-16 12:27:36,595 [INFO] Training loss OK: 1.2561
2026-04-16 12:27:59,388 [INFO] Checkpoint saved | Path: checkpoints/gen_004 | Files: 14 | Size: 5267.7 MB
2026-04-16 12:27:59,471 [INFO]   SAE records co-located → checkpoints/gen_004/training_records.jsonl
2026-04-16 12:27:59,471 [INFO] Checkpoint saved at: checkpoints/gen_004 | Loss: 1.2561
2026-04-16 12:27:59,531 [INFO] 
============================================================
2026-04-16 12:27:59,532 [INFO] GENERATION 5 / 10
2026-04-16 12:27:59,532 [INFO] ============================================================
2026-04-16 12:27:59,533 [INFO] Loading model from: checkpoints/gen_004
2026-04-16 12:28:00,917 [INFO] We will use 90% of the memory on device 0 for storing the model, and 10% for the buffer to avoid OOM. You can set `max_memory` in to a higher value to use more memory (at your own risk).
2026-04-16 12:28:50,020 [INFO] Model sanity check passed | Vocab size: 256000
2026-04-16 12:28:50,091 [INFO] Generating 500 samples for generation 5...
2026-04-16 12:32:40,836 [INFO] 
──────────────────────────────────────────────────
2026-04-16 12:32:40,837 [INFO] Generation 5 — Quality Report
2026-04-16 12:32:40,837 [INFO]   Samples         : 500
2026-04-16 12:32:40,837 [INFO]   Unique tok ratio: 0.0901
2026-04-16 12:32:40,837 [INFO]   N-gram repeat   : 0.2633
2026-04-16 12:32:40,837 [INFO]   Exact duplicates: 0
2026-04-16 12:32:40,837 [WARNING] Warning: Low lexical diversity: 0.090 (threshold: 0.3)
2026-04-16 12:32:40,837 [INFO] ──────────────────────────────────────────────────

2026-04-16 12:32:40,904 [INFO] Saved synthetic data → loop_logs/gen_005_data.json | SAE records → loop_logs/gen_005_records.jsonl
2026-04-16 12:32:40,907 [INFO] Fine-tuning on 500 samples (generation 5)...
2026-04-16 12:35:40,177 [INFO] Training loss OK: 1.0496
2026-04-16 12:36:02,103 [INFO] Checkpoint saved | Path: checkpoints/gen_005 | Files: 14 | Size: 5267.7 MB
2026-04-16 12:36:02,181 [INFO]   SAE records co-located → checkpoints/gen_005/training_records.jsonl
2026-04-16 12:36:02,181 [INFO] Checkpoint saved at: checkpoints/gen_005 | Loss: 1.0496
2026-04-16 12:36:02,240 [INFO] 
============================================================
2026-04-16 12:36:02,241 [INFO] GENERATION 6 / 10
2026-04-16 12:36:02,241 [INFO] ============================================================
2026-04-16 12:36:02,241 [INFO] Loading model from: checkpoints/gen_005
2026-04-16 12:36:03,668 [INFO] We will use 90% of the memory on device 0 for storing the model, and 10% for the buffer to avoid OOM. You can set `max_memory` in to a higher value to use more memory (at your own risk).
2026-04-16 12:36:51,300 [INFO] Model sanity check passed | Vocab size: 256000
2026-04-16 12:36:51,376 [INFO] Generating 500 samples for generation 6...
2026-04-16 12:40:41,834 [INFO] 
──────────────────────────────────────────────────
2026-04-16 12:40:41,834 [INFO] Generation 6 — Quality Report
2026-04-16 12:40:41,835 [INFO]   Samples         : 500
2026-04-16 12:40:41,835 [INFO]   Unique tok ratio: 0.0824
2026-04-16 12:40:41,835 [INFO]   N-gram repeat   : 0.3676
2026-04-16 12:40:41,835 [INFO]   Exact duplicates: 0
2026-04-16 12:40:41,835 [WARNING] Warning: Low lexical diversity: 0.082 (threshold: 0.3)
2026-04-16 12:40:41,835 [INFO] ──────────────────────────────────────────────────

2026-04-16 12:40:41,893 [INFO] Saved synthetic data → loop_logs/gen_006_data.json | SAE records → loop_logs/gen_006_records.jsonl
2026-04-16 12:40:41,897 [INFO] Fine-tuning on 500 samples (generation 6)...
2026-04-16 12:43:40,637 [INFO] Training loss OK: 0.8845
2026-04-16 12:44:02,200 [INFO] Checkpoint saved | Path: checkpoints/gen_006 | Files: 11 | Size: 5267.4 MB
2026-04-16 12:44:02,277 [INFO]   SAE records co-located → checkpoints/gen_006/training_records.jsonl
2026-04-16 12:44:02,278 [INFO] Checkpoint saved at: checkpoints/gen_006 | Loss: 0.8845
2026-04-16 12:44:02,346 [INFO] 
============================================================
2026-04-16 12:44:02,347 [INFO] GENERATION 7 / 10
2026-04-16 12:44:02,347 [INFO] ============================================================
2026-04-16 12:44:02,347 [INFO] Loading model from: checkpoints/gen_006
2026-04-16 12:44:03,724 [INFO] We will use 90% of the memory on device 0 for storing the model, and 10% for the buffer to avoid OOM. You can set `max_memory` in to a higher value to use more memory (at your own risk).
2026-04-16 12:44:04,641 [INFO] Model sanity check passed | Vocab size: 256000
2026-04-16 12:44:04,700 [INFO] Generating 500 samples for generation 7...
2026-04-16 12:47:53,943 [INFO] 
──────────────────────────────────────────────────
2026-04-16 12:47:53,944 [INFO] Generation 7 — Quality Report
2026-04-16 12:47:53,944 [INFO]   Samples         : 500
2026-04-16 12:47:53,944 [INFO]   Unique tok ratio: 0.0725
2026-04-16 12:47:53,944 [INFO]   N-gram repeat   : 0.473
2026-04-16 12:47:53,944 [INFO]   Exact duplicates: 0
2026-04-16 12:47:53,944 [WARNING] Warning: Low lexical diversity: 0.072 (threshold: 0.3)
2026-04-16 12:47:53,944 [INFO] ──────────────────────────────────────────────────

2026-04-16 12:47:54,007 [INFO] Saved synthetic data → loop_logs/gen_007_data.json | SAE records → loop_logs/gen_007_records.jsonl
2026-04-16 12:47:54,010 [INFO] Fine-tuning on 500 samples (generation 7)...
2026-04-16 12:50:54,100 [INFO] Training loss OK: 0.7202
2026-04-16 12:51:15,541 [INFO] Checkpoint saved | Path: checkpoints/gen_007 | Files: 11 | Size: 5267.4 MB
2026-04-16 12:51:15,623 [INFO]   SAE records co-located → checkpoints/gen_007/training_records.jsonl
2026-04-16 12:51:15,623 [INFO] Checkpoint saved at: checkpoints/gen_007 | Loss: 0.7202
2026-04-16 12:51:15,688 [INFO] 
============================================================
2026-04-16 12:51:15,689 [INFO] GENERATION 8 / 10
2026-04-16 12:51:15,689 [INFO] ============================================================
2026-04-16 12:51:15,689 [INFO] Loading model from: checkpoints/gen_007
2026-04-16 12:51:17,088 [INFO] We will use 90% of the memory on device 0 for storing the model, and 10% for the buffer to avoid OOM. You can set `max_memory` in to a higher value to use more memory (at your own risk).
2026-04-16 12:51:17,930 [INFO] Model sanity check passed | Vocab size: 256000
2026-04-16 12:51:17,982 [INFO] Generating 500 samples for generation 8...
2026-04-16 12:55:08,974 [INFO] 
──────────────────────────────────────────────────
2026-04-16 12:55:08,975 [INFO] Generation 8 — Quality Report
2026-04-16 12:55:08,975 [INFO]   Samples         : 500
2026-04-16 12:55:08,975 [INFO]   Unique tok ratio: 0.0612
2026-04-16 12:55:08,975 [INFO]   N-gram repeat   : 0.5948
2026-04-16 12:55:08,975 [INFO]   Exact duplicates: 0
2026-04-16 12:55:08,975 [WARNING] Warning: Low lexical diversity: 0.061 (threshold: 0.3)
2026-04-16 12:55:08,975 [WARNING] Warning: High n-gram repetition: 0.595 (threshold: 0.5)
2026-04-16 12:55:08,975 [INFO] ──────────────────────────────────────────────────

2026-04-16 12:55:09,038 [INFO] Saved synthetic data → loop_logs/gen_008_data.json | SAE records → loop_logs/gen_008_records.jsonl
2026-04-16 12:55:09,042 [INFO] Fine-tuning on 500 samples (generation 8)...
2026-04-16 12:58:09,274 [INFO] Training loss OK: 0.5773
2026-04-16 12:58:31,750 [INFO] Checkpoint saved | Path: checkpoints/gen_008 | Files: 11 | Size: 5267.4 MB
2026-04-16 12:58:31,822 [INFO]   SAE records co-located → checkpoints/gen_008/training_records.jsonl
2026-04-16 12:58:31,822 [INFO] Checkpoint saved at: checkpoints/gen_008 | Loss: 0.5773
2026-04-16 12:58:31,876 [INFO] 
============================================================
2026-04-16 12:58:31,877 [INFO] GENERATION 9 / 10
2026-04-16 12:58:31,877 [INFO] ============================================================
2026-04-16 12:58:31,877 [INFO] Loading model from: checkpoints/gen_008
2026-04-16 12:58:33,190 [INFO] We will use 90% of the memory on device 0 for storing the model, and 10% for the buffer to avoid OOM. You can set `max_memory` in to a higher value to use more memory (at your own risk).
2026-04-16 12:58:34,035 [INFO] Model sanity check passed | Vocab size: 256000
2026-04-16 12:58:34,087 [INFO] Generating 500 samples for generation 9...
2026-04-16 13:02:24,321 [INFO] 
──────────────────────────────────────────────────
2026-04-16 13:02:24,326 [INFO] Generation 9 — Quality Report
2026-04-16 13:02:24,326 [INFO]   Samples         : 500
2026-04-16 13:02:24,326 [INFO]   Unique tok ratio: 0.0533
2026-04-16 13:02:24,326 [INFO]   N-gram repeat   : 0.6841
2026-04-16 13:02:24,326 [INFO]   Exact duplicates: 0
2026-04-16 13:02:24,326 [WARNING] Warning: Low lexical diversity: 0.053 (threshold: 0.3)
2026-04-16 13:02:24,326 [WARNING] Warning: High n-gram repetition: 0.684 (threshold: 0.5)
2026-04-16 13:02:24,326 [INFO] ──────────────────────────────────────────────────

2026-04-16 13:02:24,413 [INFO] Saved synthetic data → loop_logs/gen_009_data.json | SAE records → loop_logs/gen_009_records.jsonl
2026-04-16 13:02:24,417 [INFO] Fine-tuning on 500 samples (generation 9)...
2026-04-16 13:05:23,819 [INFO] Training loss OK: 0.4483
2026-04-16 13:09:28,761 [INFO] Checkpoint saved | Path: checkpoints/gen_009 | Files: 11 | Size: 5267.4 MB
2026-04-16 13:09:28,829 [INFO]   SAE records co-located → checkpoints/gen_009/training_records.jsonl
2026-04-16 13:09:28,829 [INFO] Checkpoint saved at: checkpoints/gen_009 | Loss: 0.4483
2026-04-16 13:09:28,894 [INFO] 
============================================================
2026-04-16 13:09:28,895 [INFO] GENERATION 10 / 10
2026-04-16 13:09:28,896 [INFO] ============================================================
2026-04-16 13:09:28,896 [INFO] Loading model from: checkpoints/gen_009
2026-04-16 13:09:30,349 [INFO] We will use 90% of the memory on device 0 for storing the model, and 10% for the buffer to avoid OOM. You can set `max_memory` in to a higher value to use more memory (at your own risk).
2026-04-16 13:09:31,317 [INFO] Model sanity check passed | Vocab size: 256000
2026-04-16 13:09:31,384 [INFO] Generating 500 samples for generation 10...
2026-04-16 13:13:22,154 [INFO] 
──────────────────────────────────────────────────
2026-04-16 13:13:22,155 [INFO] Generation 10 — Quality Report
2026-04-16 13:13:22,155 [INFO]   Samples         : 500
2026-04-16 13:13:22,155 [INFO]   Unique tok ratio: 0.0442
2026-04-16 13:13:22,155 [INFO]   N-gram repeat   : 0.7703
2026-04-16 13:13:22,155 [INFO]   Exact duplicates: 1
2026-04-16 13:13:22,155 [WARNING] Warning: Low lexical diversity: 0.044 (threshold: 0.3)
2026-04-16 13:13:22,155 [WARNING] Warning: High n-gram repetition: 0.770 (threshold: 0.5)
2026-04-16 13:13:22,155 [INFO] ──────────────────────────────────────────────────

2026-04-16 13:13:22,222 [INFO] Saved synthetic data → loop_logs/gen_010_data.json | SAE records → loop_logs/gen_010_records.jsonl
2026-04-16 13:13:22,226 [INFO] Fine-tuning on 500 samples (generation 10)...
2026-04-16 13:16:21,355 [INFO] Training loss OK: 0.3317
2026-04-16 13:16:42,516 [INFO] Checkpoint saved | Path: checkpoints/gen_010 | Files: 11 | Size: 5267.4 MB
2026-04-16 13:16:42,597 [INFO]   SAE records co-located → checkpoints/gen_010/training_records.jsonl
2026-04-16 13:16:42,597 [INFO] Checkpoint saved at: checkpoints/gen_010 | Loss: 0.3317
2026-04-16 13:16:42,709 [INFO] 
============================================================
2026-04-16 13:16:42,712 [INFO] SELF-CONSUMING LOOP COMPLETE
2026-04-16 13:16:42,712 [INFO]   Loss trajectory: [2.119, 1.8346, 1.511, 1.2561, 1.0496, 0.8845, 0.7202, 0.5773, 0.4483, 0.3317]
2026-04-16 13:16:42,715 [INFO]   Total loss shift: -1.7873 (↓ decreased)
2026-04-16 13:16:42,715 [INFO] ============================================================
2026-04-16 13:16:42,721 [INFO] Sanity report saved to loop_logs/sanity_report.json
2026-04-16 13:16:42,728 [INFO] 📦 Dataset manifest saved → checkpoints/manifest.json
